// Jest Snapshot v1, https://goo.gl/fbAQLP

exports[`renders correctly 1`] = `
<div
  className="movie-list"
>
  <h1>
    Top Featured Movies
  </h1>
  <ul />
</div>
`;
